// Jest Snapshot v1, https://goo.gl/fbAQLP

exports[`Not Found page Snappshot  repos main page renders 1`] = `null`;
