// Jest Snapshot v1, https://goo.gl/fbAQLP

exports[`Not Found page Snappshot  snapshot renders 1`] = `
<div>
  Not Found
</div>
`;
